(1786104075.332702)  can0  18FF01F4   [8] 55 AA 01 00 00 00 2D 00
(1786104075.382702)  can0  18FF01F4   [8] 55 AA 01 00 00 00 2D 01
(1786104075.432702)  can0  18FF01F4   [8] 55 AA 01 00 00 00 2D 02
(1786104075.482702)  can0  18FF01F4   [8] 55 AA 01 00 00 00 2D 03
(1786104075.532702)  can0  18FF01F4   [8] 55 AA 01 00 00 00 2D 04
(1786104075.582702)  can0  18FF01F4   [8] 55 AA 01 00 00 00 2D 05
(1786104075.632702)  can0  18FF01F4   [8] 55 AA 01 00 00 00 2D 06
(1786104075.682702)  can0  18FF01F4   [8] 55 AA 01 00 00 00 2D 07
(1786104075.732702)  can0  18FF01F4   [8] 55 AA 01 00 00 00 2D 08
(1786104075.782702)  can0  18FF01F4   [8] 55 AA 01 00 00 00 2D 09
(1786104075.832702)  can0  18FF01F4   [8] 55 AA 01 00 00 00 2D 0A
(1786104075.882702)  can0  18FF01F4   [8] 55 AA 01 00 00 00 2D 0B
(1786104075.932702)  can0  18FF01F4   [8] 55 AA 01 00 00 00 2D 0C
(1786104075.982702)  can0  18FF01F4   [8] 55 AA 01 00 00 00 2D 0D
(1786104076.032702)  can0  18FF01F4   [8] 55 AA 01 00 00 00 2D 0E
(1786104076.082702)  can0  18FF01F4   [8] 55 AA 01 00 00 00 2D 0F
(1786104076.132702)  can0  18FF01F4   [8] 55 AA 01 00 00 00 2D 10
(1786104076.182702)  can0  18FF01F4   [8] 55 AA 01 00 00 00 2D 11
(1786104076.232702)  can0  18FF01F4   [8] 55 AA 01 00 00 00 2D 12
(1786104076.282702)  can0  18FF01F4   [8] 55 AA 01 00 00 00 2D 13
(1786104076.332702)  can0  18FF01F4   [8] 55 AA 01 32 00 00 06 14
(1786104076.382702)  can0  18FF01F4   [8] 55 AA 01 37 00 00 8F 15
(1786104076.432702)  can0  18FF01F4   [8] 55 AA 01 3C 00 00 0F 16
(1786104076.482702)  can0  18FF01F4   [8] 55 AA 01 41 00 00 C2 17
(1786104076.532702)  can0  18FF01F4   [8] 55 AA 01 46 00 00 48 18
(1786104076.582702)  can0  18FF01F4   [8] 55 AA 01 4B 00 00 CD 19
(1786104076.632702)  can0  18FF01F4   [8] 55 AA 01 50 00 00 55 1A
(1786104076.682702)  can0  18FF01F4   [8] 55 AA 01 55 00 00 DC 1B
(1786104076.732702)  can0  18FF01F4   [8] 55 AA 01 5A 00 00 5A 1C
(1786104076.782702)  can0  18FF01F4   [8] 55 AA 01 5F 00 00 D3 1D
